23:30:08.445 [main                     ] DEBUG Logger               - Configured Logger
23:30:08.481 [main                     ] DEBUG GameApplication      - Logging settings
Title: 100 Floors Dungeon
Version: demo 0.0.1
Width: 1500
Height: 800
Fullscreen: false
Intro: false
Profiling: false
Single step:false
App Mode: DEVELOPER
Menu Key: ESCAPE
Stage Style: DECORATED
Scene Factory: class com.almasb.fxgl.app.scene.SceneFactory

23:30:09.009 [JavaFX Application Thread] DEBUG FXGLApplication      - Initializing FXGL
23:30:09.017 [JavaFX Application Thread] INFO  Engine               - FXGL-21.1 (27.03.2024 07.52) on WINDOWS (J:21.0.5 FX:21.0.1)
23:30:09.018 [JavaFX Application Thread] DEBUG Engine               - JRE Vendor Name: Eclipse Adoptium
23:30:09.018 [JavaFX Application Thread] DEBUG Engine               - Running on OS: Windows 11 version 10.0
23:30:09.019 [JavaFX Application Thread] DEBUG Engine               - Architecture: amd64
23:30:09.019 [JavaFX Application Thread] INFO  Engine               - Source code and latest versions at: https://github.com/AlmasB/FXGL
23:30:09.019 [JavaFX Application Thread] INFO  Engine               -       Ask questions and discuss at: https://github.com/AlmasB/FXGL/discussions
23:30:09.019 [JavaFX Application Thread] INFO  Engine               -              Join the FXGL chat at: https://gitter.im/AlmasB/FXGL
23:30:09.150 [JavaFX Application Thread] DEBUG PrimaryStageWindow   - Creating a JavaFX scene
23:30:09.219 [JavaFX Application Thread] DEBUG PrimaryStageWindow   - Target settings size: 1500.0 x 800.0
23:30:09.220 [JavaFX Application Thread] DEBUG PrimaryStageWindow   - Scaled scene size:    1500.0 x 800.0
23:30:09.220 [JavaFX Application Thread] DEBUG PrimaryStageWindow   - Scaled ratio: (1.0, 1.0)
23:30:09.222 [JavaFX Application Thread] DEBUG PrimaryStageWindow   - Set initial scene to FXGLStartupScene
23:30:09.225 [JavaFX Application Thread] DEBUG PrimaryStageWindow   - Opening main window
23:30:09.355 [JavaFX Application Thread] DEBUG PrimaryStageWindow   - Window border size: (14.4000244140625, 37.5999755859375)
23:30:09.356 [JavaFX Application Thread] DEBUG PrimaryStageWindow   - Scaled size: 1500.0 x 800.0
23:30:09.356 [JavaFX Application Thread] DEBUG PrimaryStageWindow   - Scaled ratio: (1.0, 1.0)
23:30:09.356 [JavaFX Application Thread] DEBUG PrimaryStageWindow   - Scene size: 1500.0 x 800.0
23:30:09.357 [JavaFX Application Thread] DEBUG PrimaryStageWindow   - Stage size: 1514.4000244140625 x 837.5999755859375
23:30:09.367 [FXGL Background Thread 1 ] DEBUG Engine               - Initializing environment variables
23:30:09.439 [FXGL Background Thread 1 ] DEBUG FXGLAssetLoaderServi - User app class for loading assets: class com.game.App
23:30:09.441 [FXGL Background Thread 1 ] DEBUG GameApplicationServi - Applying CSS: fxgl_dark.css
23:30:09.442 [FXGL Background Thread 1 ] DEBUG FXGLAssetLoaderServi - Loading from file system: jar:file:/C:/Users/hamwa/.m2/repository/com/github/almasb/fxgl/21.1/fxgl-21.1.jar!/fxglassets/ui/css/fxgl_dark.css
23:30:09.500 [FXGL Background Thread 1 ] DEBUG GameApplicationServi - Initializing application scenes
23:30:09.552 [FXGL Background Thread 1 ] DEBUG GameWorld            - Game world initialized
23:30:09.662 [FXGL Background Thread 1 ] DEBUG PhysicsWorld         - Physics world initialized: appHeight=800, physics.ppm=50.0
23:30:09.662 [FXGL Background Thread 1 ] DEBUG PhysicsWorld         - Using strategy: BRUTE_FORCE
23:30:09.668 [FXGL Background Thread 1 ] DEBUG GameScene            - Game scene initialized: 1500x800
23:30:09.691 [FXGL Background Thread 1 ] DEBUG FXGL.DefaultMenu     - createMenuBodyGameMenu()
23:30:09.712 [FXGL Background Thread 1 ] DEBUG FXGL.DefaultMenu     - createOptionsMenu()
23:30:09.726 [FXGL Background Thread 1 ] DEBUG FXGLAssetLoaderServi - Loading from file system: jar:file:/C:/Users/hamwa/.m2/repository/com/github/almasb/fxgl/21.1/fxgl-21.1.jar!/fxglassets/textures/particles/smoke.png
23:30:09.858 [FXGL Background Thread 1 ] DEBUG FXGLAssetLoaderServi - Loading from file system: jar:file:/C:/Users/hamwa/.m2/repository/com/github/almasb/fxgl/21.1/fxgl-21.1.jar!/fxglassets/textures/particles/trace_horizontal.png
23:30:09.897 [FXGL Background Thread 1 ] DEBUG GameApplicationServi - Application scenes initialized
23:30:09.913 [FXGL Background Thread 1 ] DEBUG SystemBundleService  - Loading FXGL system data
23:30:09.918 [FXGL Background Thread 1 ] DEBUG FileSystemAccess     - Reading from: C:\Users\hamwa\JavaProject\100-floor-dungeon\demo\system\fxgl.bundle
23:30:09.931 [FXGL Background Thread 1 ] DEBUG SystemBundleService  - Bundle FXGL: {}
23:30:09.932 [FXGL Background Thread 1 ] DEBUG UpdaterService       - Checking for updates
23:30:09.937 [FXGL Background Thread 4 ] DEBUG FXGLApplication      - Loading fonts
23:30:09.937 [FXGL Background Thread 4 ] DEBUG FXGLAssetLoaderServi - Loading from file system: jar:file:/C:/Users/hamwa/.m2/repository/com/github/almasb/fxgl/21.1/fxgl-21.1.jar!/fxglassets/ui/fonts/VarelaRound-Regular.ttf
23:30:09.938 [FXGL Background Thread 1 ] DEBUG FXGLApplication      - Loading default localization
23:30:09.938 [FXGL Background Thread 1 ] DEBUG FXGLAssetLoaderServi - Loading from file system: jar:file:/C:/Users/hamwa/.m2/repository/com/github/almasb/fxgl/21.1/fxgl-21.1.jar!/fxglassets/languages/english.lang
23:30:09.982 [FXGL Background Thread 1 ] INFO  FXGLApplication      - FXGL initialization took: 0.614 sec
23:30:09.982 [FXGL Background Thread 4 ] DEBUG FXGLAssetLoaderServi - Loading from file system: jar:file:/C:/Users/hamwa/.m2/repository/com/github/almasb/fxgl/21.1/fxgl-21.1.jar!/fxglassets/ui/fonts/Abel-Regular.ttf
23:30:09.983 [JavaFX Application Thread] DEBUG FXGLAssetLoaderServi - Loading from file system: jar:file:/C:/Users/hamwa/.m2/repository/com/github/almasb/fxgl/21.1/fxgl-21.1.jar!/fxglassets/textures/fxgl_icon.png
23:30:09.987 [FXGL Background Thread 4 ] DEBUG FXGLAssetLoaderServi - Loading from file system: jar:file:/C:/Users/hamwa/.m2/repository/com/github/almasb/fxgl/21.1/fxgl-21.1.jar!/fxglassets/ui/fonts/TerminalLandMono-Regular.otf
23:30:09.991 [FXGL Background Thread 4 ] DEBUG FXGLAssetLoaderServi - Loading from file system: jar:file:/C:/Users/hamwa/.m2/repository/com/github/almasb/fxgl/21.1/fxgl-21.1.jar!/fxglassets/ui/fonts/Courier-Prime.ttf
23:30:10.009 [JavaFX Application Thread] DEBUG FXGLAssetLoaderServi - Loading from file system: jar:file:/C:/Users/hamwa/.m2/repository/com/github/almasb/fxgl/21.1/fxgl-21.1.jar!/fxglassets/textures/fxgl_default_cursor.png
23:30:10.026 [JavaFX Application Thread] DEBUG Input                - Registered new binding: Screenshot - CTRL+8
23:30:10.027 [JavaFX Application Thread] DEBUG Input                - Registered new binding: System info dump - CTRL+9
23:30:10.027 [JavaFX Application Thread] DEBUG Input                - Registered new binding: Restart - CTRL+R
23:30:10.028 [JavaFX Application Thread] DEBUG Input                - Registered new binding: Toggle Debug Camera - CTRL+7
23:30:10.032 [JavaFX Application Thread] DEBUG LoopRunner           - Starting loop
23:30:10.032 [JavaFX Application Thread] DEBUG LoopRunner           - Initializing JavaFX AnimationTimerLoop
23:30:10.034 [JavaFX Application Thread] DEBUG GameApplicationServi - Starting new game
23:30:10.035 [JavaFX Application Thread] DEBUG Input                - Clearing active input actions
23:30:10.051 [JavaFX Application Thread] DEBUG GameApplicationServi - Removing overlay from FXGLStartupScene and adding to FXGLLoadingScene
23:30:10.052 [JavaFX Application Thread] DEBUG PrimaryStageWindow   - FXGLStartupScene -> FXGLLoadingScene
23:30:10.052 [JavaFX Application Thread] DEBUG GameApplicationServi - Clearing previous game
23:30:10.052 [JavaFX Application Thread] DEBUG GameScene            - Clearing game scene
23:30:10.052 [JavaFX Application Thread] DEBUG GameWorld            - Clearing game world
23:30:10.052 [JavaFX Application Thread] DEBUG PhysicsWorld         - Clearing physics world
23:30:10.055 [FXGL Background Thread 4 ] DEBUG FXGLApplication      - Initializing game
23:30:10.056 [FXGL Background Thread 4 ] INFO  FXGLApplication      - Game initialization took: 0.002 sec
23:30:10.058 [JavaFX Application Thread] DEBUG FXGLApplication      - Registering font factories with UI factory
23:30:10.114 [JavaFX Application Thread] DEBUG Input                - Clearing active input actions
23:30:10.122 [JavaFX Application Thread] DEBUG GameApplicationServi - Removing overlay from FXGLLoadingScene and adding to GameScene
23:30:10.123 [JavaFX Application Thread] DEBUG PrimaryStageWindow   - FXGLLoadingScene -> GameScene
23:30:12.936 [FXGL Background Thread 3 ] DEBUG Engine               - Logging environment variables
23:30:12.936 [FXGL Background Thread 3 ] DEBUG Engine               - achievements: []
23:30:12.936 [FXGL Background Thread 3 ] DEBUG Engine               - actualHeight: 800.0
23:30:12.937 [FXGL Background Thread 3 ] DEBUG Engine               - actualHeightProperty: ReadOnlyDoubleProperty [value: 800.0]
23:30:12.937 [FXGL Background Thread 3 ] DEBUG Engine               - actualWidth: 1500.0
23:30:12.937 [FXGL Background Thread 3 ] DEBUG Engine               - actualWidthProperty: ReadOnlyDoubleProperty [value: 1500.0]
23:30:12.937 [FXGL Background Thread 3 ] DEBUG Engine               - appIcon: fxgl_icon.png
23:30:12.937 [FXGL Background Thread 3 ] DEBUG Engine               - applicationMode: DEVELOPER
23:30:12.937 [FXGL Background Thread 3 ] DEBUG Engine               - cSSList: [fxgl_dark.css]
23:30:12.937 [FXGL Background Thread 3 ] DEBUG Engine               - collisionDetectionStrategy: BRUTE_FORCE
23:30:12.937 [FXGL Background Thread 3 ] DEBUG Engine               - configClass: Optional.empty
23:30:12.938 [FXGL Background Thread 3 ] DEBUG Engine               - credits: []
23:30:12.938 [FXGL Background Thread 3 ] DEBUG Engine               - defaultCursor: CursorInfo(imageName=fxgl_default_cursor.png, hotspotX=7.0, hotspotY=6.0)
23:30:12.938 [FXGL Background Thread 3 ] DEBUG Engine               - devBBoxColorProperty: ObjectProperty [value: 0xff0000ff]
23:30:12.939 [FXGL Background Thread 3 ] DEBUG Engine               - devEnableDebugCameraProperty: BooleanProperty [value: false]
23:30:12.939 [FXGL Background Thread 3 ] DEBUG Engine               - devSensorColorProperty: ObjectProperty [value: 0xffff00ff]
23:30:12.939 [FXGL Background Thread 3 ] DEBUG Engine               - devShowBBoxProperty: BooleanProperty [value: false]
23:30:12.939 [FXGL Background Thread 3 ] DEBUG Engine               - devShowPositionProperty: BooleanProperty [value: false]
23:30:12.939 [FXGL Background Thread 3 ] DEBUG Engine               - enabledMenuItems: []
23:30:12.939 [FXGL Background Thread 3 ] DEBUG Engine               - engineServices: [class com.almasb.fxgl.app.services.FXGLAssetLoaderService, class com.almasb.fxgl.app.FXGLApplication$GameApplicationService, class com.almasb.fxgl.app.services.FXGLDialogService, class com.almasb.fxgl.app.services.IOTaskExecutorService, class com.almasb.fxgl.io.FileSystemService, class com.almasb.fxgl.localization.LocalizationService, class com.almasb.fxgl.app.services.SystemBundleService, class com.almasb.fxgl.profile.SaveLoadService, class com.almasb.fxgl.ui.FXGLUIFactoryServiceProvider, class com.almasb.fxgl.ui.FXGLDialogFactoryServiceProvider, class com.almasb.fxgl.audio.AudioPlayer, class com.almasb.fxgl.notification.impl.NotificationServiceProvider, class com.almasb.fxgl.achievement.AchievementService, class com.almasb.fxgl.cutscene.CutsceneService, class com.almasb.fxgl.minigames.MiniGameService, class com.almasb.fxgl.net.NetService, class com.almasb.fxgl.app.services.UpdaterService, class com.almasb.fxgl.dev.DevService]
23:30:12.939 [FXGL Background Thread 3 ] DEBUG Engine               - fontGame: Abel-Regular.ttf
23:30:12.939 [FXGL Background Thread 3 ] DEBUG Engine               - fontMono: TerminalLandMono-Regular.otf
23:30:12.939 [FXGL Background Thread 3 ] DEBUG Engine               - fontSizeScaleUI: 1.0
23:30:12.939 [FXGL Background Thread 3 ] DEBUG Engine               - fontText: Courier-Prime.ttf
23:30:12.939 [FXGL Background Thread 3 ] DEBUG Engine               - fontUI: VarelaRound-Regular.ttf
23:30:12.939 [FXGL Background Thread 3 ] DEBUG Engine               - fullScreen: BooleanProperty [value: false]
23:30:12.939 [FXGL Background Thread 3 ] DEBUG Engine               - gameDifficulty: MEDIUM
23:30:12.941 [FXGL Background Thread 3 ] DEBUG Engine               - gameDifficultyProperty: ObjectProperty [value: MEDIUM]
23:30:12.942 [FXGL Background Thread 3 ] DEBUG Engine               - globalMusicVolume: 0.5
23:30:12.942 [FXGL Background Thread 3 ] DEBUG Engine               - globalMusicVolumeProperty: DoubleProperty [value: 0.5]
23:30:12.942 [FXGL Background Thread 3 ] DEBUG Engine               - globalSoundVolume: 0.5
23:30:12.942 [FXGL Background Thread 3 ] DEBUG Engine               - globalSoundVolumeProperty: DoubleProperty [value: 0.5]
23:30:12.942 [FXGL Background Thread 3 ] DEBUG Engine               - height: 800
23:30:12.942 [FXGL Background Thread 3 ] DEBUG Engine               - is3D: false
23:30:12.942 [FXGL Background Thread 3 ] DEBUG Engine               - isAndroid: false
23:30:12.942 [FXGL Background Thread 3 ] DEBUG Engine               - isBrowser: false
23:30:12.942 [FXGL Background Thread 3 ] DEBUG Engine               - isClickFeedbackEnabled: false
23:30:12.943 [FXGL Background Thread 3 ] DEBUG Engine               - isCloseConfirmation: false
23:30:12.943 [FXGL Background Thread 3 ] DEBUG Engine               - isDesktop: true
23:30:12.943 [FXGL Background Thread 3 ] DEBUG Engine               - isDeveloperMenuEnabled: false
23:30:12.943 [FXGL Background Thread 3 ] DEBUG Engine               - isEmbedded: false
23:30:12.943 [FXGL Background Thread 3 ] DEBUG Engine               - isEntityPreloadEnabled: true
23:30:12.943 [FXGL Background Thread 3 ] DEBUG Engine               - isExperimentalTiledLargeMap: false
23:30:12.943 [FXGL Background Thread 3 ] DEBUG Engine               - isFileSystemWriteAllowed: true
23:30:12.943 [FXGL Background Thread 3 ] DEBUG Engine               - isFullScreenAllowed: false
23:30:12.943 [FXGL Background Thread 3 ] DEBUG Engine               - isFullScreenFromStart: false
23:30:12.943 [FXGL Background Thread 3 ] DEBUG Engine               - isGameMenuEnabled: true
23:30:12.943 [FXGL Background Thread 3 ] DEBUG Engine               - isIOS: false
23:30:12.943 [FXGL Background Thread 3 ] DEBUG Engine               - isIntroEnabled: false
23:30:12.943 [FXGL Background Thread 3 ] DEBUG Engine               - isLinux: false
23:30:12.944 [FXGL Background Thread 3 ] DEBUG Engine               - isMac: false
23:30:12.944 [FXGL Background Thread 3 ] DEBUG Engine               - isMainMenuEnabled: false
23:30:12.944 [FXGL Background Thread 3 ] DEBUG Engine               - isManualResizeEnabled: false
23:30:12.944 [FXGL Background Thread 3 ] DEBUG Engine               - isMobile: false
23:30:12.944 [FXGL Background Thread 3 ] DEBUG Engine               - isNative: false
23:30:12.944 [FXGL Background Thread 3 ] DEBUG Engine               - isPauseMusicWhenMinimized: true
23:30:12.944 [FXGL Background Thread 3 ] DEBUG Engine               - isPreserveResizeRatio: false
23:30:12.944 [FXGL Background Thread 3 ] DEBUG Engine               - isProfilingEnabled: false
23:30:12.944 [FXGL Background Thread 3 ] DEBUG Engine               - isScaleAffectedOnResize: true
23:30:12.944 [FXGL Background Thread 3 ] DEBUG Engine               - isSingleStep: false
23:30:12.944 [FXGL Background Thread 3 ] DEBUG Engine               - isUserProfileEnabled: false
23:30:12.945 [FXGL Background Thread 3 ] DEBUG Engine               - isWindows: true
23:30:12.945 [FXGL Background Thread 3 ] DEBUG Engine               - language: ObjectProperty [value: ENGLISH]
23:30:12.945 [FXGL Background Thread 3 ] DEBUG Engine               - menuKey: ESCAPE
23:30:12.945 [FXGL Background Thread 3 ] DEBUG Engine               - mouseSensitivity: 0.2
23:30:12.945 [FXGL Background Thread 3 ] DEBUG Engine               - notificationViewClass: class com.almasb.fxgl.notification.view.XboxNotificationView
23:30:12.945 [FXGL Background Thread 3 ] DEBUG Engine               - pixelsPerMeter: 50.0
23:30:12.945 [FXGL Background Thread 3 ] DEBUG Engine               - platform: WINDOWS
23:30:12.945 [FXGL Background Thread 3 ] DEBUG Engine               - prefHeightProperty: ReadOnlyDoubleProperty [value: 800.0]
23:30:12.945 [FXGL Background Thread 3 ] DEBUG Engine               - prefWidthProperty: ReadOnlyDoubleProperty [value: 1500.0]
23:30:12.945 [FXGL Background Thread 3 ] DEBUG Engine               - profileDir: profiles/
23:30:12.946 [FXGL Background Thread 3 ] DEBUG Engine               - profileName: StringProperty [value: DEFAULT]
23:30:12.946 [FXGL Background Thread 3 ] DEBUG Engine               - randomSeed: -1
23:30:12.946 [FXGL Background Thread 3 ] DEBUG Engine               - runtimeInfo: RuntimeInfo(platform=WINDOWS, version=21.1, build=27.03.2024 07.52)
23:30:12.946 [FXGL Background Thread 3 ] DEBUG Engine               - saveFileExt: sav
23:30:12.946 [FXGL Background Thread 3 ] DEBUG Engine               - scaledHeightProp$fxgl: DoubleProperty [bound, value: 800.0]
23:30:12.946 [FXGL Background Thread 3 ] DEBUG Engine               - scaledWidthProp$fxgl: DoubleProperty [bound, value: 1500.0]
23:30:12.947 [FXGL Background Thread 3 ] DEBUG Engine               - sceneFactory: com.almasb.fxgl.app.scene.SceneFactory@61242ac
23:30:12.947 [FXGL Background Thread 3 ] DEBUG Engine               - secondsIn24h: 60
23:30:12.947 [FXGL Background Thread 3 ] DEBUG Engine               - soundMenuBack: menu/back.wav
23:30:12.947 [FXGL Background Thread 3 ] DEBUG Engine               - soundMenuPress: menu/press.wav
23:30:12.947 [FXGL Background Thread 3 ] DEBUG Engine               - soundMenuSelect: menu/select.wav
23:30:12.947 [FXGL Background Thread 3 ] DEBUG Engine               - soundNotification: core/notification.wav
23:30:12.947 [FXGL Background Thread 3 ] DEBUG Engine               - stageStyle: DECORATED
23:30:12.947 [FXGL Background Thread 3 ] DEBUG Engine               - supportedLanguages: [ENGLISH, FRENCH, GERMAN, HUNGARIAN, RUSSIAN]
23:30:12.947 [FXGL Background Thread 3 ] DEBUG Engine               - ticksPerSecond: -1
23:30:12.947 [FXGL Background Thread 3 ] DEBUG Engine               - title: 100 Floors Dungeon
23:30:12.947 [FXGL Background Thread 3 ] DEBUG Engine               - urlGithub: https://github.com/AlmasB/FXGL
23:30:12.947 [FXGL Background Thread 3 ] DEBUG Engine               - urlLeaderboard: http://fxgl-top.herokuapp.com/
23:30:12.947 [FXGL Background Thread 3 ] DEBUG Engine               - urlPOM: https://raw.githubusercontent.com/AlmasB/FXGL/release/README.md
23:30:12.947 [FXGL Background Thread 3 ] DEBUG Engine               - userAppClass: class com.game.App
23:30:12.947 [FXGL Background Thread 3 ] DEBUG Engine               - version: demo 0.0.1
23:30:12.949 [FXGL Background Thread 3 ] DEBUG Engine               - versionCheckDays: 7
23:30:12.949 [FXGL Background Thread 3 ] DEBUG Engine               - width: 1500
23:30:12.949 [FXGL Background Thread 3 ] DEBUG Engine               - Logging services
23:30:12.949 [FXGL Background Thread 3 ] DEBUG Engine               - class com.almasb.fxgl.app.services.FXGLAssetLoaderService
23:30:12.949 [FXGL Background Thread 3 ] DEBUG Engine               - class com.almasb.fxgl.app.FXGLApplication$GameApplicationService
23:30:12.949 [FXGL Background Thread 3 ] DEBUG Engine               - class com.almasb.fxgl.app.services.FXGLDialogService
23:30:12.949 [FXGL Background Thread 3 ] DEBUG Engine               - class com.almasb.fxgl.app.services.IOTaskExecutorService
23:30:12.949 [FXGL Background Thread 3 ] DEBUG Engine               - class com.almasb.fxgl.io.FileSystemService
23:30:12.949 [FXGL Background Thread 3 ] DEBUG Engine               - class com.almasb.fxgl.localization.LocalizationService
23:30:12.949 [FXGL Background Thread 3 ] DEBUG Engine               - class com.almasb.fxgl.app.services.SystemBundleService
23:30:12.949 [FXGL Background Thread 3 ] DEBUG Engine               - class com.almasb.fxgl.profile.SaveLoadService
23:30:12.949 [FXGL Background Thread 3 ] DEBUG Engine               - class com.almasb.fxgl.ui.FXGLUIFactoryServiceProvider
23:30:12.949 [FXGL Background Thread 3 ] DEBUG Engine               - class com.almasb.fxgl.ui.FXGLDialogFactoryServiceProvider
23:30:12.949 [FXGL Background Thread 3 ] DEBUG Engine               - class com.almasb.fxgl.audio.AudioPlayer
23:30:12.949 [FXGL Background Thread 3 ] DEBUG Engine               - class com.almasb.fxgl.notification.impl.NotificationServiceProvider
23:30:12.949 [FXGL Background Thread 3 ] DEBUG Engine               - class com.almasb.fxgl.achievement.AchievementService
23:30:12.949 [FXGL Background Thread 3 ] DEBUG Engine               - class com.almasb.fxgl.cutscene.CutsceneService
23:30:12.949 [FXGL Background Thread 3 ] DEBUG Engine               - class com.almasb.fxgl.minigames.MiniGameService
23:30:12.949 [FXGL Background Thread 3 ] DEBUG Engine               - class com.almasb.fxgl.net.NetService
23:30:12.949 [FXGL Background Thread 3 ] DEBUG Engine               - class com.almasb.fxgl.app.services.UpdaterService
23:30:12.949 [FXGL Background Thread 3 ] DEBUG Engine               - class com.almasb.fxgl.dev.DevService
23:30:17.718 [JavaFX Application Thread] DEBUG FXGLApplication      - Exiting FXGL
23:30:17.718 [JavaFX Application Thread] DEBUG LoopRunner           - Stopping loop
23:30:17.718 [JavaFX Application Thread] DEBUG SystemBundleService  - Saving FXGL system data
23:30:17.721 [JavaFX Application Thread] DEBUG FileSystemAccess     - Writing to: C:\Users\hamwa\JavaProject\100-floor-dungeon\demo\system\fxgl.bundle
23:30:17.723 [JavaFX Application Thread] DEBUG Async                - Shutting down background threads
23:30:17.723 [JavaFX Application Thread] DEBUG PrimaryStageWindow   - Closing main window
23:30:17.746 [JavaFX Application Thread] DEBUG Logger               - Closing Logger
